#-----------------------------------------------------------
# Vivado v2024.1 (64-bit)
# SW Build 5076996 on Wed May 22 18:37:14 MDT 2024
# IP Build 5075265 on Wed May 22 21:45:21 MDT 2024
# SharedData Build 5076995 on Wed May 22 18:29:18 MDT 2024
# Start of session at: Mon May  5 16:29:27 2025
# Process ID: 5684
# Current directory: C:/GitHub/CoP-HW-SW_2024-2025/Lab0/Vivado/Vivado.runs/design_1_processing_system7_0_0_synth_1
# Command line: vivado.exe -log design_1_processing_system7_0_0.vds -product Vivado -mode batch -messageDb vivado.pb -notrace -source design_1_processing_system7_0_0.tcl
# Log file: C:/GitHub/CoP-HW-SW_2024-2025/Lab0/Vivado/Vivado.runs/design_1_processing_system7_0_0_synth_1/design_1_processing_system7_0_0.vds
# Journal file: C:/GitHub/CoP-HW-SW_2024-2025/Lab0/Vivado/Vivado.runs/design_1_processing_system7_0_0_synth_1\vivado.jou
# Running On        :JD_Laptop
# Platform          :Windows Server 2016 or Windows 10
# Operating System  :26100
# Processor Detail  :Intel(R) Core(TM) i7-9750H CPU @ 2.60GHz
# CPU Frequency     :2592 MHz
# CPU Physical cores:6
# CPU Logical cores :12
# Host memory       :34223 MB
# Swap memory       :2147 MB
# Total Virtual     :36371 MB
# Available Virtual :21799 MB
#-----------------------------------------------------------
source design_1_processing_system7_0_0.tcl -notrace
